// Jest Snapshot v1, https://goo.gl/fbAQLP

exports[`isUnique should work 1`] = `[SequelizeUniqueConstraintError: Validation error]`;
